stm32l1xx_hal_flash_ex.c:1244:13:FLASH_OB_WRPConfigWRP1OrPCROP1	0	static
stm32l1xx_hal_flash_ex.c:1290:13:FLASH_OB_WRPConfigWRP2OrPCROP2	0	static
stm32l1xx_hal_flash_ex.c:1113:26:FLASH_OB_WRPConfig	16	static
stm32l1xx_hal_flash_ex.c:1190:26:FLASH_OB_PCROPConfig	16	static
stm32l1xx_hal_flash_ex.c:422:19:HAL_FLASHEx_OBProgram	24	static
stm32l1xx_hal_flash_ex.c:504:6:HAL_FLASHEx_OBGetConfig	0	static
stm32l1xx_hal_flash_ex.c:558:19:HAL_FLASHEx_AdvOBProgram	0	static
stm32l1xx_hal_flash_ex.c:615:6:HAL_FLASHEx_AdvOBGetConfig	0	static
stm32l1xx_hal_flash_ex.c:658:19:HAL_FLASHEx_OB_SelectPCROP	8	static
stm32l1xx_hal_flash_ex.c:701:19:HAL_FLASHEx_OB_DeSelectPCROP	8	static
stm32l1xx_hal_flash_ex.c:767:19:HAL_FLASHEx_DATAEEPROM_Unlock	0	static
stm32l1xx_hal_flash_ex.c:786:19:HAL_FLASHEx_DATAEEPROM_Lock	0	static
stm32l1xx_hal_flash_ex.c:806:19:HAL_FLASHEx_DATAEEPROM_Erase	16	static
stm32l1xx_hal_flash_ex.c:864:21:HAL_FLASHEx_DATAEEPROM_Program	24	static
stm32l1xx_hal_flash_ex.c:929:6:HAL_FLASHEx_DATAEEPROM_EnableFixedTimeProgram	0	static
stm32l1xx_hal_flash_ex.c:938:6:HAL_FLASHEx_DATAEEPROM_DisableFixedTimeProgram	0	static
stm32l1xx_hal_flash_ex.c:1852:6:FLASH_PageErase	0	static
stm32l1xx_hal_flash_ex.c:203:19:HAL_FLASHEx_Erase	32	static
stm32l1xx_hal_flash_ex.c:299:19:HAL_FLASHEx_Erase_IT	24	static
